// Jest Snapshot v1, https://goo.gl/fbAQLP

exports[`generateLinkedList should generate linked list from values 2 1`] = `
{
  "next": {
    "next": {
      "next": {
        "next": {
          "next": {
            "next": {
              "next": null,
              "value": null,
            },
            "value": "d",
          },
          "value": "e",
        },
        "value": "k",
      },
      "value": "n",
    },
    "value": "i",
  },
  "value": "L",
}
`;
